Input #0, mov,mp4,m4a,3gp,3g2,mj2, from '/Users/fangs/workspace/side/dankoe/videos/promo-2026-10-01/final.mp4':
  Metadata:
    major_brand     : isom
    minor_version   : 512
    compatible_brands: isomiso2avc1mp41
    encoder         : Lavf62.12.101
  Duration: 00:00:30.00, start: 0.000000, bitrate: 588 kb/s
  Stream #0:0[0x1](und): Video: h264 (High) (avc1 / 0x31637661), yuv420p(tv, bt470bg/unknown/unknown, progressive), 1920x1080 [SAR 1:1 DAR 16:9], 389 kb/s, 25 fps, 25 tbr, 12800 tbn (default)
    Metadata:
      handler_name    : VideoHandler
      encoder         : Lavc62.28.101 libx264
  Stream #0:1[0x2](und): Audio: aac (LC) (mp4a / 0x6134706D), 48000 Hz, stereo, fltp, 192 kb/s (default)
    Metadata:
      handler_name    : SoundHandler
Stream mapping:
  Stream #0:1 -> #0:0 (aac (native) -> pcm_s16le (native))
Press [q] to stop, [?] for help
[Parsed_ebur128_1 @ 0x13d61d670] t: 0.0999792  TARGET:-23 LUFS    M:-120.7 S:-120.7     I: -70.0 LUFS       LRA:   0.0 LU  FTPK: -66.7 -66.7 dBFS  TPK: -66.7 -66.7 dBFS
Output #0, null, to 'pipe:':
  Metadata:
    major_brand     : isom
    minor_version   : 512
    compatible_brands: isomiso2avc1mp41
    encoder         : Lavf62.12.101
  Stream #0:0(und): Audio: pcm_s16le, 48000 Hz, stereo, s16, 1536 kb/s (default)
    Metadata:
      encoder         : Lavc62.28.101 pcm_s16le
      handler_name    : SoundHandler
[Parsed_ebur128_1 @ 0x13d61d670] t: 0.199979   TARGET:-23 LUFS    M:-120.7 S:-120.7     I: -70.0 LUFS       LRA:   0.0 LU  FTPK: -51.0 -50.9 dBFS  TPK: -51.0 -50.9 dBFS
[Parsed_ebur128_1 @ 0x13d61d670] t: 0.299979   TARGET:-23 LUFS    M:-120.7 S:-120.7     I: -70.0 LUFS       LRA:   0.0 LU  FTPK: -44.9 -44.8 dBFS  TPK: -44.9 -44.8 dBFS
[Parsed_ebur128_1 @ 0x13d61d670] t: 0.399979   TARGET:-23 LUFS    M: -52.1 S:-120.7     I: -52.1 LUFS       LRA:   0.0 LU  FTPK: -40.8 -40.7 dBFS  TPK: -40.8 -40.7 dBFS
[Parsed_ebur128_1 @ 0x13d61d670] t: 0.499979   TARGET:-23 LUFS    M: -47.1 S:-120.7     I: -48.9 LUFS       LRA:   0.0 LU  FTPK: -35.5 -35.4 dBFS  TPK: -35.5 -35.4 dBFS
[Parsed_ebur128_1 @ 0x13d61d670] t: 0.599979   TARGET:-23 LUFS    M: -43.3 S:-120.7     I: -46.2 LUFS       LRA:   0.0 LU  FTPK: -33.6 -33.5 dBFS  TPK: -33.6 -33.5 dBFS
[Parsed_ebur128_1 @ 0x13d61d670] t: 0.699979   TARGET:-23 LUFS    M: -40.0 S:-120.7     I: -43.7 LUFS       LRA:   0.0 LU  FTPK: -30.0 -29.9 dBFS  TPK: -30.0 -29.9 dBFS
[Parsed_ebur128_1 @ 0x13d61d670] t: 0.799979   TARGET:-23 LUFS    M: -37.4 S:-120.7     I: -40.6 LUFS       LRA:   0.0 LU  FTPK: -28.7 -28.6 dBFS  TPK: -28.7 -28.6 dBFS
[Parsed_ebur128_1 @ 0x13d61d670] t: 0.899979   TARGET:-23 LUFS    M: -35.6 S:-120.7     I: -39.1 LUFS       LRA:   0.0 LU  FTPK: -27.8 -27.8 dBFS  TPK: -27.8 -27.8 dBFS
[Parsed_ebur128_1 @ 0x13d61d670] t: 0.999979   TARGET:-23 LUFS    M: -34.2 S:-120.7     I: -37.8 LUFS       LRA:   0.0 LU  FTPK: -25.6 -25.6 dBFS  TPK: -25.6 -25.6 dBFS
[Parsed_ebur128_1 @ 0x13d61d670] t: 1.099979   TARGET:-23 LUFS    M: -32.2 S:-120.7     I: -35.8 LUFS       LRA:   0.0 LU  FTPK: -23.7 -23.2 dBFS  TPK: -23.7 -23.2 dBFS
[Parsed_ebur128_1 @ 0x13d61d670] t: 1.199979   TARGET:-23 LUFS    M: -30.6 S:-120.7     I: -34.5 LUFS       LRA:   0.0 LU  FTPK: -21.7 -21.4 dBFS  TPK: -21.7 -21.4 dBFS
[Parsed_ebur128_1 @ 0x13d61d670] t: 1.299979   TARGET:-23 LUFS    M: -29.4 S:-120.7     I: -33.5 LUFS       LRA:   0.0 LU  FTPK: -22.1 -21.7 dBFS  TPK: -21.7 -21.4 dBFS
[Parsed_ebur128_1 @ 0x13d61d670] t: 1.399979   TARGET:-23 LUFS    M: -28.5 S:-120.7     I: -32.5 LUFS       LRA:   0.0 LU  FTPK: -21.8 -21.4 dBFS  TPK: -21.7 -21.4 dBFS
[Parsed_ebur128_1 @ 0x13d61d670] t: 1.499979   TARGET:-23 LUFS    M: -28.0 S:-120.7     I: -31.4 LUFS       LRA:   0.0 LU  FTPK: -20.3 -20.0 dBFS  TPK: -20.3 -20.0 dBFS
[Parsed_ebur128_1 @ 0x13d61d670] t: 1.599979   TARGET:-23 LUFS    M: -27.6 S:-120.7     I: -30.8 LUFS       LRA:   0.0 LU  FTPK: -20.4 -20.1 dBFS  TPK: -20.3 -20.0 dBFS
[Parsed_ebur128_1 @ 0x13d61d670] t: 1.699979   TARGET:-23 LUFS    M: -27.3 S:-120.7     I: -30.3 LUFS       LRA:   0.0 LU  FTPK: -20.1 -19.8 dBFS  TPK: -20.1 -19.8 dBFS
[Parsed_ebur128_1 @ 0x13d61d670] t: 1.799979   TARGET:-23 LUFS    M: -27.2 S:-120.7     I: -30.0 LUFS       LRA:   0.0 LU  FTPK: -20.3 -20.0 dBFS  TPK: -20.1 -19.8 dBFS
[Parsed_ebur128_1 @ 0x13d61d670] t: 1.899979   TARGET:-23 LUFS    M: -27.2 S:-120.7     I: -29.7 LUFS       LRA:   0.0 LU  FTPK: -20.5 -20.2 dBFS  TPK: -20.1 -19.8 dBFS
[Parsed_ebur128_1 @ 0x13d61d670] t: 1.999979   TARGET:-23 LUFS    M: -27.2 S:-120.7     I: -29.5 LUFS       LRA:   0.0 LU  FTPK: -20.9 -20.6 dBFS  TPK: -20.1 -19.8 dBFS
[Parsed_ebur128_1 @ 0x13d61d670] t: 2.099979   TARGET:-23 LUFS    M: -27.2 S:-120.7     I: -29.3 LUFS       LRA:   0.0 LU  FTPK: -21.6 -21.5 dBFS  TPK: -20.1 -19.8 dBFS
[Parsed_ebur128_1 @ 0x13d61d670] t: 2.199979   TARGET:-23 LUFS    M: -27.3 S:-120.7     I: -28.9 LUFS       LRA:   0.0 LU  FTPK: -21.2 -21.0 dBFS  TPK: -20.1 -19.8 dBFS
[Parsed_ebur128_1 @ 0x13d61d670] t: 2.299979   TARGET:-23 LUFS    M: -27.2 S:-120.7     I: -28.7 LUFS       LRA:   0.0 LU  FTPK: -22.5 -22.1 dBFS  TPK: -20.1 -19.8 dBFS
[Parsed_ebur128_1 @ 0x13d61d670] t: 2.399979   TARGET:-23 LUFS    M: -27.0 S:-120.7     I: -28.6 LUFS       LRA:   0.0 LU  FTPK: -19.7 -19.3 dBFS  TPK: -19.7 -19.3 dBFS
[Parsed_ebur128_1 @ 0x13d61d670] t: 2.499979   TARGET:-23 LUFS    M: -26.9 S:-120.7     I: -28.5 LUFS       LRA:   0.0 LU  FTPK: -20.7 -20.2 dBFS  TPK: -19.7 -19.3 dBFS
[Parsed_ebur128_1 @ 0x13d61d670] t: 2.599979   TARGET:-23 LUFS    M: -26.6 S:-120.7     I: -28.4 LUFS       LRA:   0.0 LU  FTPK: -19.1 -18.7 dBFS  TPK: -19.1 -18.7 dBFS
[Parsed_ebur128_1 @ 0x13d61d670] t: 2.699979   TARGET:-23 LUFS    M: -26.4 S:-120.7     I: -28.2 LUFS       LRA:   0.0 LU  FTPK: -19.0 -18.7 dBFS  TPK: -19.0 -18.7 dBFS
[Parsed_ebur128_1 @ 0x13d61d670] t: 2.799979   TARGET:-23 LUFS    M: -26.6 S:-120.7     I: -28.2 LUFS       LRA:   0.0 LU  FTPK: -20.8 -20.4 dBFS  TPK: -19.0 -18.7 dBFS
[Parsed_ebur128_1 @ 0x13d61d670] t: 2.899979   TARGET:-23 LUFS    M: -26.7 S:-120.7     I: -28.1 LUFS       LRA:   0.0 LU  FTPK: -19.1 -18.7 dBFS  TPK: -19.0 -18.7 dBFS
[Parsed_ebur128_1 @ 0x13d61d670] t: 2.999979   TARGET:-23 LUFS    M: -26.8 S: -28.8     I: -28.0 LUFS       LRA:  20.0 LU  FTPK: -19.6 -19.3 dBFS  TPK: -19.0 -18.7 dBFS
[Parsed_ebur128_1 @ 0x13d61d670] t: 3.099979   TARGET:-23 LUFS    M: -26.9 S: -28.6     I: -28.0 LUFS       LRA:  20.1 LU  FTPK: -20.8 -20.4 dBFS  TPK: -19.0 -18.7 dBFS
[Parsed_ebur128_1 @ 0x13d61d670] t: 3.199979   TARGET:-23 LUFS    M: -27.0 S: -28.4     I: -27.9 LUFS       LRA:  20.2 LU  FTPK: -20.0 -19.7 dBFS  TPK: -19.0 -18.7 dBFS
[Parsed_ebur128_1 @ 0x13d61d670] t: 3.299979   TARGET:-23 LUFS    M: -27.1 S: -28.2     I: -27.9 LUFS       LRA:  20.3 LU  FTPK: -21.4 -21.1 dBFS  TPK: -19.0 -18.7 dBFS
[Parsed_ebur128_1 @ 0x13d61d670] t: 3.399979   TARGET:-23 LUFS    M: -27.2 S: -28.0     I: -27.9 LUFS       LRA:   0.8 LU  FTPK: -20.8 -20.4 dBFS  TPK: -19.0 -18.7 dBFS
[Parsed_ebur128_1 @ 0x13d61d670] t: 3.499979   TARGET:-23 LUFS    M: -27.2 S: -27.9     I: -27.8 LUFS       LRA:   0.9 LU  FTPK: -22.2 -21.9 dBFS  TPK: -19.0 -18.7 dBFS
[Parsed_ebur128_1 @ 0x13d61d670] t: 3.599979   TARGET:-23 LUFS    M: -27.2 S: -27.7     I: -27.8 LUFS       LRA:   1.1 LU  FTPK: -20.2 -19.8 dBFS  TPK: -19.0 -18.7 dBFS
[Parsed_ebur128_1 @ 0x13d61d670] t: 3.699979   TARGET:-23 LUFS    M: -26.9 S: -27.5     I: -27.8 LUFS       LRA:   1.3 LU  FTPK: -20.4 -19.8 dBFS  TPK: -19.0 -18.7 dBFS
[Parsed_ebur128_1 @ 0x13d61d670] t: 3.799979   TARGET:-23 LUFS    M: -26.8 S: -27.4     I: -27.7 LUFS       LRA:   1.4 LU  FTPK: -19.3 -18.8 dBFS  TPK: -19.0 -18.7 dBFS
[Parsed_ebur128_1 @ 0x13d61d670] t: 3.899979   TARGET:-23 LUFS    M: -26.6 S: -27.2     I: -27.7 LUFS       LRA:   1.5 LU  FTPK: -20.3 -19.8 dBFS  TPK: -19.0 -18.7 dBFS
[Parsed_ebur128_1 @ 0x13d61d670] t: 3.999979   TARGET:-23 LUFS    M: -26.6 S: -27.1     I: -27.7 LUFS       LRA:   1.5 LU  FTPK: -20.2 -19.7 dBFS  TPK: -19.0 -18.7 dBFS
[Parsed_ebur128_1 @ 0x13d61d670] t: 4.099979   TARGET:-23 LUFS    M: -26.7 S: -27.0     I: -27.6 LUFS       LRA:   1.7 LU  FTPK: -19.5 -19.0 dBFS  TPK: -19.0 -18.7 dBFS
[Parsed_ebur128_1 @ 0x13d61d670] t: 4.199979   TARGET:-23 LUFS    M: -26.8 S: -27.0     I: -27.6 LUFS       LRA:   1.7 LU  FTPK: -20.5 -20.1 dBFS  TPK: -19.0 -18.7 dBFS
[Parsed_ebur128_1 @ 0x13d61d670] t: 4.299979   TARGET:-23 LUFS    M: -26.9 S: -27.0     I: -27.6 LUFS       LRA:   1.8 LU  FTPK: -20.4 -20.0 dBFS  TPK: -19.0 -18.7 dBFS
[Parsed_ebur128_1 @ 0x13d61d670] t: 4.399979   TARGET:-23 LUFS    M: -27.1 S: -27.0     I: -27.6 LUFS       LRA:   1.6 LU  FTPK: -21.1 -20.7 dBFS  TPK: -19.0 -18.7 dBFS
[Parsed_ebur128_1 @ 0x13d61d670] t: 4.499979   TARGET:-23 LUFS    M: -27.1 S: -26.9     I: -27.6 LUFS       LRA:   1.6 LU  FTPK: -20.4 -20.1 dBFS  TPK: -19.0 -18.7 dBFS
[Parsed_ebur128_1 @ 0x13d61d670] t: 4.599979   TARGET:-23 LUFS    M: -27.2 S: -27.0     I: -27.5 LUFS       LRA:   1.6 LU  FTPK: -20.3 -20.0 dBFS  TPK: -19.0 -18.7 dBFS
[Parsed_ebur128_1 @ 0x13d61d670] t: 4.699979   TARGET:-23 LUFS    M: -27.3 S: -27.0     I: -27.5 LUFS       LRA:   1.6 LU  FTPK: -21.2 -20.9 dBFS  TPK: -19.0 -18.7 dBFS
[Parsed_ebur128_1 @ 0x13d61d670] t: 4.799979   TARGET:-23 LUFS    M: -27.3 S: -27.0     I: -27.5 LUFS       LRA:   1.6 LU  FTPK: -19.7 -19.4 dBFS  TPK: -19.0 -18.7 dBFS
[Parsed_ebur128_1 @ 0x13d61d670] t: 4.899979   TARGET:-23 LUFS    M: -27.1 S: -26.9     I: -27.5 LUFS       LRA:   1.6 LU  FTPK: -19.3 -18.8 dBFS  TPK: -19.0 -18.7 dBFS
[Parsed_ebur128_1 @ 0x13d61d670] t: 4.999979   TARGET:-23 LUFS    M: -26.7 S: -26.9     I: -27.5 LUFS       LRA:   1.7 LU  FTPK: -19.7 -19.3 dBFS  TPK: -19.0 -18.7 dBFS
[Parsed_ebur128_1 @ 0x13d61d670] t: 5.099979   TARGET:-23 LUFS    M: -26.4 S: -26.9     I: -27.5 LUFS       LRA:   1.7 LU  FTPK: -20.0 -19.6 dBFS  TPK: -19.0 -18.7 dBFS
[Parsed_ebur128_1 @ 0x13d61d670] t: 5.199979   TARGET:-23 LUFS    M: -26.3 S: -26.8     I: -27.4 LUFS       LRA:   1.7 LU  FTPK: -20.0 -19.4 dBFS  TPK: -19.0 -18.7 dBFS
[Parsed_ebur128_1 @ 0x13d61d670] t: 5.299979   TARGET:-23 LUFS    M: -26.3 S: -26.8     I: -27.4 LUFS       LRA:   1.8 LU  FTPK: -20.1 -19.8 dBFS  TPK: -19.0 -18.7 dBFS
[Parsed_ebur128_1 @ 0x13d61d670] t: 5.399979   TARGET:-23 LUFS    M: -26.4 S: -26.8     I: -27.4 LUFS       LRA:   1.6 LU  FTPK: -21.1 -21.0 dBFS  TPK: -19.0 -18.7 dBFS
[Parsed_ebur128_1 @ 0x13d61d670] t: 5.499979   TARGET:-23 LUFS    M: -26.6 S: -26.8     I: -27.4 LUFS       LRA:   1.6 LU  FTPK: -19.9 -19.5 dBFS  TPK: -19.0 -18.7 dBFS
[Parsed_ebur128_1 @ 0x13d61d670] t: 5.599979   TARGET:-23 LUFS    M: -26.7 S: -26.8     I: -27.4 LUFS       LRA:   1.6 LU  FTPK: -21.1 -20.7 dBFS  TPK: -19.0 -18.7 dBFS
[Parsed_ebur128_1 @ 0x13d61d670] t: 5.699979   TARGET:-23 LUFS    M: -26.8 S: -26.9     I: -27.4 LUFS       LRA:   1.6 LU  FTPK: -20.2 -20.0 dBFS  TPK: -19.0 -18.7 dBFS
[Parsed_ebur128_1 @ 0x13d61d670] t: 5.799979   TARGET:-23 LUFS    M: -27.0 S: -26.9     I: -27.3 LUFS       LRA:   1.6 LU  FTPK: -19.5 -19.2 dBFS  TPK: -19.0 -18.7 dBFS
[Parsed_ebur128_1 @ 0x13d61d670] t: 5.899979   TARGET:-23 LUFS    M: -27.0 S: -26.9     I: -27.3 LUFS       LRA:   1.6 LU  FTPK: -20.7 -20.3 dBFS  TPK: -19.0 -18.7 dBFS
[Parsed_ebur128_1 @ 0x13d61d670] t: 5.999979   TARGET:-23 LUFS    M: -27.1 S: -26.9     I: -27.3 LUFS       LRA:   1.5 LU  FTPK: -20.0 -19.7 dBFS  TPK: -19.0 -18.7 dBFS
[Parsed_ebur128_1 @ 0x13d61d670] t: 6.099979   TARGET:-23 LUFS    M: -27.0 S: -26.9     I: -27.3 LUFS       LRA:   1.5 LU  FTPK: -18.9 -18.5 dBFS  TPK: -18.9 -18.5 dBFS
[Parsed_ebur128_1 @ 0x13d61d670] t: 6.199979   TARGET:-23 LUFS    M: -26.7 S: -26.8     I: -27.3 LUFS       LRA:   1.5 LU  FTPK: -19.1 -18.7 dBFS  TPK: -18.9 -18.5 dBFS
[Parsed_ebur128_1 @ 0x13d61d670] t: 6.299979   TARGET:-23 LUFS    M: -26.4 S: -26.8     I: -27.3 LUFS       LRA:   1.6 LU  FTPK: -19.3 -18.9 dBFS  TPK: -18.9 -18.5 dBFS
[Parsed_ebur128_1 @ 0x13d61d670] t: 6.399979   TARGET:-23 LUFS    M: -26.2 S: -26.8     I: -27.3 LUFS       LRA:   1.4 LU  FTPK: -19.2 -18.8 dBFS  TPK: -18.9 -18.5 dBFS
[Parsed_ebur128_1 @ 0x13d61d670] t: 6.499979   TARGET:-23 LUFS    M: -26.2 S: -26.7     I: -27.3 LUFS       LRA:   1.4 LU  FTPK: -19.7 -19.2 dBFS  TPK: -18.9 -18.5 dBFS
[Parsed_ebur128_1 @ 0x13d61d670] t: 6.599979   TARGET:-23 LUFS    M: -26.3 S: -26.7     I: -27.2 LUFS       LRA:   1.4 LU  FTPK: -19.9 -19.5 dBFS  TPK: -18.9 -18.5 dBFS
[Parsed_ebur128_1 @ 0x13d61d670] t: 6.699979   TARGET:-23 LUFS    M: -26.5 S: -26.7     I: -27.2 LUFS       LRA:   1.5 LU  FTPK: -20.0 -19.6 dBFS  TPK: -18.9 -18.5 dBFS
[Parsed_ebur128_1 @ 0x13d61d670] t: 6.799979   TARGET:-23 LUFS    M: -26.7 S: -26.7     I: -27.2 LUFS       LRA:   1.5 LU  FTPK: -21.1 -20.6 dBFS  TPK: -18.9 -18.5 dBFS
[Parsed_ebur128_1 @ 0x13d61d670] t: 6.899979   TARGET:-23 LUFS    M: -27.0 S: -26.8     I: -27.2 LUFS       LRA:   1.5 LU  FTPK: -21.2 -20.9 dBFS  TPK: -18.9 -18.5 dBFS
[Parsed_ebur128_1 @ 0x13d61d670] t: 6.999979   TARGET:-23 LUFS    M: -27.4 S: -26.8     I: -27.2 LUFS       LRA:   1.5 LU  FTPK: -20.8 -20.4 dBFS  TPK: -18.9 -18.5 dBFS
[Parsed_ebur128_1 @ 0x13d61d670] t: 7.099979   TARGET:-23 LUFS    M: -27.9 S: -26.9     I: -27.2 LUFS       LRA:   1.5 LU  FTPK: -22.4 -22.0 dBFS  TPK: -18.9 -18.5 dBFS
[Parsed_ebur128_1 @ 0x13d61d670] t: 7.199979   TARGET:-23 LUFS    M: -28.3 S: -26.9     I: -27.2 LUFS       LRA:   1.5 LU  FTPK: -22.1 -21.8 dBFS  TPK: -18.9 -18.5 dBFS
[Parsed_ebur128_1 @ 0x13d61d670] t: 7.299979   TARGET:-23 LUFS    M: -28.8 S: -27.0     I: -27.3 LUFS       LRA:   1.5 LU  FTPK: -22.2 -21.8 dBFS  TPK: -18.9 -18.5 dBFS
[Parsed_ebur128_1 @ 0x13d61d670] t: 7.399979   TARGET:-23 LUFS    M: -29.4 S: -27.0     I: -27.3 LUFS       LRA:   1.3 LU  FTPK: -23.0 -22.6 dBFS  TPK: -18.9 -18.5 dBFS
[Parsed_ebur128_1 @ 0x13d61d670] t: 7.499979   TARGET:-23 LUFS    M: -29.8 S: -27.1     I: -27.3 LUFS       LRA:   1.3 LU  FTPK: -23.6 -23.2 dBFS  TPK: -18.9 -18.5 dBFS
[Parsed_ebur128_1 @ 0x13d61d670] t: 7.599979   TARGET:-23 LUFS    M: -30.4 S: -27.2     I: -27.3 LUFS       LRA:   1.3 LU  FTPK: -24.0 -23.6 dBFS  TPK: -18.9 -18.5 dBFS
[Parsed_ebur128_1 @ 0x13d61d670] t: 7.699979   TARGET:-23 LUFS    M: -31.0 S: -27.3     I: -27.4 LUFS       LRA:   1.3 LU  FTPK: -26.1 -25.7 dBFS  TPK: -18.9 -18.5 dBFS
[Parsed_ebur128_1 @ 0x13d61d670] t: 7.799979   TARGET:-23 LUFS    M: -31.6 S: -27.4     I: -27.4 LUFS       LRA:   1.3 LU  FTPK: -26.2 -25.6 dBFS  TPK: -18.9 -18.5 dBFS
[Parsed_ebur128_1 @ 0x13d61d670] t: 7.899979   TARGET:-23 LUFS    M: -32.3 S: -27.6     I: -27.5 LUFS       LRA:   1.3 LU  FTPK: -25.7 -25.3 dBFS  TPK: -18.9 -18.5 dBFS
[Parsed_ebur128_1 @ 0x13d61d670] t: 7.999979   TARGET:-23 LUFS    M: -33.0 S: -27.7     I: -27.5 LUFS       LRA:   1.3 LU  FTPK: -27.4 -26.9 dBFS  TPK: -18.9 -18.5 dBFS
[Parsed_ebur128_1 @ 0x13d61d670] t: 8.099979   TARGET:-23 LUFS    M: -33.7 S: -27.9     I: -27.5 LUFS       LRA:   1.3 LU  FTPK: -28.0 -27.6 dBFS  TPK: -18.9 -18.5 dBFS
[Parsed_ebur128_1 @ 0x13d61d670] t: 8.199979   TARGET:-23 LUFS    M: -34.5 S: -28.1     I: -27.6 LUFS       LRA:   1.4 LU  FTPK: -28.8 -28.4 dBFS  TPK: -18.9 -18.5 dBFS
[Parsed_ebur128_1 @ 0x13d61d670] t: 8.299979   TARGET:-23 LUFS    M: -35.2 S: -28.3     I: -27.6 LUFS       LRA:   1.5 LU  FTPK: -30.1 -29.8 dBFS  TPK: -18.9 -18.5 dBFS
[Parsed_ebur128_1 @ 0x13d61d670] t: 8.399979   TARGET:-23 LUFS    M: -35.6 S: -28.5     I: -27.7 LUFS       LRA:   1.5 LU  FTPK: -29.7 -29.3 dBFS  TPK: -18.9 -18.5 dBFS
[Parsed_ebur128_1 @ 0x13d61d670] t: 8.499979   TARGET:-23 LUFS    M: -36.0 S: -28.7     I: -27.7 LUFS       LRA:   1.5 LU  FTPK: -28.9 -28.6 dBFS  TPK: -18.9 -18.5 dBFS
[Parsed_ebur128_1 @ 0x13d61d670] t: 8.599979   TARGET:-23 LUFS    M: -35.8 S: -28.9     I: -27.8 LUFS       LRA:   1.6 LU  FTPK: -29.1 -28.8 dBFS  TPK: -18.9 -18.5 dBFS
[Parsed_ebur128_1 @ 0x13d61d670] t: 8.699979   TARGET:-23 LUFS    M: -35.5 S: -29.1     I: -27.8 LUFS       LRA:   1.7 LU  FTPK: -28.4 -27.9 dBFS  TPK: -18.9 -18.5 dBFS
[Parsed_ebur128_1 @ 0x13d61d670] t: 8.799979   TARGET:-23 LUFS    M: -34.8 S: -29.2     I: -27.9 LUFS       LRA:   1.8 LU  FTPK: -26.8 -26.5 dBFS  TPK: -18.9 -18.5 dBFS
[Parsed_ebur128_1 @ 0x13d61d670] t: 8.899979   TARGET:-23 LUFS    M: -34.0 S: -29.4     I: -27.9 LUFS       LRA:   1.9 LU  FTPK: -26.3 -26.1 dBFS  TPK: -18.9 -18.5 dBFS
[Parsed_ebur128_1 @ 0x13d61d670] t: 8.999979   TARGET:-23 LUFS    M: -33.3 S: -29.6     I: -27.9 LUFS       LRA:   2.0 LU  FTPK: -25.6 -25.4 dBFS  TPK: -18.9 -18.5 dBFS
[Parsed_ebur128_1 @ 0x13d61d670] t: 9.099979   TARGET:-23 LUFS    M: -32.5 S: -29.8     I: -28.0 LUFS       LRA:   2.1 LU  FTPK: -24.9 -24.5 dBFS  TPK: -18.9 -18.5 dBFS
[Parsed_ebur128_1 @ 0x13d61d670] t: 9.199979   TARGET:-23 LUFS    M: -31.6 S: -30.0     I: -28.0 LUFS       LRA:   2.3 LU  FTPK: -23.7 -22.9 dBFS  TPK: -18.9 -18.5 dBFS
[Parsed_ebur128_1 @ 0x13d61d670] t: 9.299979   TARGET:-23 LUFS    M: -30.9 S: -30.2     I: -28.0 LUFS       LRA:   2.5 LU  FTPK: -24.3 -23.7 dBFS  TPK: -18.9 -18.5 dBFS
[Parsed_ebur128_1 @ 0x13d61d670] t: 9.399979   TARGET:-23 LUFS    M: -30.3 S: -30.4     I: -28.1 LUFS       LRA:   2.5 LU  FTPK: -22.8 -22.2 dBFS  TPK: -18.9 -18.5 dBFS
[Parsed_ebur128_1 @ 0x13d61d670] t: 9.499979   TARGET:-23 LUFS    M: -29.7 S: -30.6     I: -28.1 LUFS       LRA:   2.6 LU  FTPK: -22.3 -21.9 dBFS  TPK: -18.9 -18.5 dBFS
[Parsed_ebur128_1 @ 0x13d61d670] t: 9.599979   TARGET:-23 LUFS    M: -29.4 S: -30.8     I: -28.1 LUFS       LRA:   2.8 LU  FTPK: -22.5 -22.0 dBFS  TPK: -18.9 -18.5 dBFS
[Parsed_ebur128_1 @ 0x13d61d670] t: 9.699979   TARGET:-23 LUFS    M: -29.0 S: -30.9     I: -28.1 LUFS       LRA:   3.0 LU  FTPK: -22.0 -21.7 dBFS  TPK: -18.9 -18.5 dBFS
[Parsed_ebur128_1 @ 0x13d61d670] t: 9.799979   TARGET:-23 LUFS    M: -28.7 S: -30.9     I: -28.1 LUFS       LRA:   3.2 LU  FTPK: -21.7 -21.4 dBFS  TPK: -18.9 -18.5 dBFS
[Parsed_ebur128_1 @ 0x13d61d670] t: 9.899979   TARGET:-23 LUFS    M: -28.6 S: -31.0     I: -28.1 LUFS       LRA:   3.5 LU  FTPK: -22.4 -22.0 dBFS  TPK: -18.9 -18.5 dBFS
[Parsed_ebur128_1 @ 0x13d61d670] t: 9.999979   TARGET:-23 LUFS    M: -28.5 S: -31.0     I: -28.1 LUFS       LRA:   3.6 LU  FTPK: -22.1 -21.5 dBFS  TPK: -18.9 -18.5 dBFS
[Parsed_ebur128_1 @ 0x13d61d670] t: 10.099979  TARGET:-23 LUFS    M: -28.5 S: -31.0     I: -28.1 LUFS       LRA:   3.8 LU  FTPK: -22.5 -22.2 dBFS  TPK: -18.9 -18.5 dBFS
[Parsed_ebur128_1 @ 0x13d61d670] t: 10.199979  TARGET:-23 LUFS    M: -28.6 S: -31.0     I: -28.1 LUFS       LRA:   4.0 LU  FTPK: -22.9 -22.4 dBFS  TPK: -18.9 -18.5 dBFS
[Parsed_ebur128_1 @ 0x13d61d670] t: 10.299979  TARGET:-23 LUFS    M: -28.5 S: -30.9     I: -28.1 LUFS       LRA:   4.1 LU  FTPK: -22.3 -22.1 dBFS  TPK: -18.9 -18.5 dBFS
[Parsed_ebur128_1 @ 0x13d61d670] t: 10.399979  TARGET:-23 LUFS    M: -28.0 S: -30.7     I: -28.1 LUFS       LRA:   4.0 LU  FTPK: -20.9 -20.2 dBFS  TPK: -18.9 -18.5 dBFS
[Parsed_ebur128_1 @ 0x13d61d670] t: 10.499979  TARGET:-23 LUFS    M: -27.6 S: -30.5     I: -28.1 LUFS       LRA:   4.0 LU  FTPK: -20.5 -20.3 dBFS  TPK: -18.9 -18.5 dBFS
[Parsed_ebur128_1 @ 0x13d61d670] t: 10.599979  TARGET:-23 LUFS    M: -27.2 S: -30.3     I: -28.1 LUFS       LRA:   4.0 LU  FTPK: -20.3 -20.0 dBFS  TPK: -18.9 -18.5 dBFS
[Parsed_ebur128_1 @ 0x13d61d670] t: 10.699979  TARGET:-23 LUFS    M: -26.9 S: -30.1     I: -28.1 LUFS       LRA:   4.0 LU  FTPK: -20.6 -20.4 dBFS  TPK: -18.9 -18.5 dBFS
[Parsed_ebur128_1 @ 0x13d61d670] t: 10.799979  TARGET:-23 LUFS    M: -27.0 S: -29.9     I: -28.1 LUFS       LRA:   4.0 LU  FTPK: -20.8 -20.6 dBFS  TPK: -18.9 -18.5 dBFS
[Parsed_ebur128_1 @ 0x13d61d670] t: 10.899979  TARGET:-23 LUFS    M: -27.1 S: -29.7     I: -28.1 LUFS       LRA:   4.0 LU  FTPK: -20.5 -20.3 dBFS  TPK: -18.9 -18.5 dBFS
[Parsed_ebur128_1 @ 0x13d61d670] t: 10.999979  TARGET:-23 LUFS    M: -27.2 S: -29.5     I: -28.1 LUFS       LRA:   4.0 LU  FTPK: -20.6 -20.3 dBFS  TPK: -18.9 -18.5 dBFS
[Parsed_ebur128_1 @ 0x13d61d670] t: 11.099979  TARGET:-23 LUFS    M: -27.3 S: -29.3     I: -28.1 LUFS       LRA:   4.0 LU  FTPK: -20.7 -20.4 dBFS  TPK: -18.9 -18.5 dBFS
[Parsed_ebur128_1 @ 0x13d61d670] t: 11.199979  TARGET:-23 LUFS    M: -27.4 S: -29.1     I: -28.0 LUFS       LRA:   4.0 LU  FTPK: -21.2 -20.8 dBFS  TPK: -18.9 -18.5 dBFS
[Parsed_ebur128_1 @ 0x13d61d670] t: 11.299979  TARGET:-23 LUFS    M: -27.4 S: -29.0     I: -28.0 LUFS       LRA:   4.0 LU  FTPK: -21.4 -21.1 dBFS  TPK: -18.9 -18.5 dBFS
[Parsed_ebur128_1 @ 0x13d61d670] t: 11.399979  TARGET:-23 LUFS    M: -27.5 S: -28.8     I: -28.0 LUFS       LRA:   4.0 LU  FTPK: -21.3 -20.9 dBFS  TPK: -18.9 -18.5 dBFS
[Parsed_ebur128_1 @ 0x13d61d670] t: 11.499979  TARGET:-23 LUFS    M: -27.6 S: -28.6     I: -28.0 LUFS       LRA:   4.0 LU  FTPK: -21.7 -21.2 dBFS  TPK: -18.9 -18.5 dBFS
[Parsed_ebur128_1 @ 0x13d61d670] t: 11.599979  TARGET:-23 LUFS    M: -27.5 S: -28.5     I: -28.0 LUFS       LRA:   4.0 LU  FTPK: -21.0 -20.6 dBFS  TPK: -18.9 -18.5 dBFS
[Parsed_ebur128_1 @ 0x13d61d670] t: 11.699979  TARGET:-23 LUFS    M: -27.2 S: -28.3     I: -28.0 LUFS       LRA:   4.0 LU  FTPK: -20.2 -19.7 dBFS  TPK: -18.9 -18.5 dBFS
[Parsed_ebur128_1 @ 0x13d61d670] t: 11.799979  TARGET:-23 LUFS    M: -27.0 S: -28.1     I: -28.0 LUFS       LRA:   4.0 LU  FTPK: -19.6 -19.2 dBFS  TPK: -18.9 -18.5 dBFS
[Parsed_ebur128_1 @ 0x13d61d670] t: 11.899979  TARGET:-23 LUFS    M: -26.8 S: -28.0     I: -28.0 LUFS       LRA:   4.0 LU  FTPK: -19.4 -19.0 dBFS  TPK: -18.9 -18.5 dBFS
[Parsed_ebur128_1 @ 0x13d61d670] t: 11.999979  TARGET:-23 LUFS    M: -26.8 S: -27.9     I: -28.0 LUFS       LRA:   3.9 LU  FTPK: -19.9 -19.6 dBFS  TPK: -18.9 -18.5 dBFS
[Parsed_ebur128_1 @ 0x13d61d670] t: 12.099979  TARGET:-23 LUFS    M: -26.9 S: -27.7     I: -28.0 LUFS       LRA:   3.9 LU  FTPK: -20.7 -20.3 dBFS  TPK: -18.9 -18.5 dBFS
[Parsed_ebur128_1 @ 0x13d61d670] t: 12.199979  TARGET:-23 LUFS    M: -27.0 S: -27.7     I: -28.0 LUFS       LRA:   3.9 LU  FTPK: -20.4 -20.1 dBFS  TPK: -18.9 -18.5 dBFS
[Parsed_ebur128_1 @ 0x13d61d670] t: 12.299979  TARGET:-23 LUFS    M: -27.1 S: -27.6     I: -28.0 LUFS       LRA:   3.9 LU  FTPK: -20.0 -19.8 dBFS  TPK: -18.9 -18.5 dBFS
[Parsed_ebur128_1 @ 0x13d61d670] t: 12.399979  TARGET:-23 LUFS    M: -27.2 S: -27.5     I: -27.9 LUFS       LRA:   3.8 LU  FTPK: -20.3 -20.0 dBFS  TPK: -18.9 -18.5 dBFS
[Parsed_ebur128_1 @ 0x13d61d670] t: 12.499979  TARGET:-23 LUFS    M: -27.3 S: -27.5     I: -27.9 LUFS       LRA:   3.8 LU  FTPK: -20.9 -20.6 dBFS  TPK: -18.9 -18.5 dBFS
[Parsed_ebur128_1 @ 0x13d61d670] t: 12.599979  TARGET:-23 LUFS    M: -27.3 S: -27.4     I: -27.9 LUFS       LRA:   3.8 LU  FTPK: -21.3 -21.2 dBFS  TPK: -18.9 -18.5 dBFS
[Parsed_ebur128_1 @ 0x13d61d670] t: 12.699979  TARGET:-23 LUFS    M: -27.5 S: -27.4     I: -27.9 LUFS       LRA:   3.8 LU  FTPK: -21.4 -21.2 dBFS  TPK: -18.9 -18.5 dBFS
[Parsed_ebur128_1 @ 0x13d61d670] t: 12.799979  TARGET:-23 LUFS    M: -27.5 S: -27.4     I: -27.9 LUFS       LRA:   3.8 LU  FTPK: -21.4 -21.0 dBFS  TPK: -18.9 -18.5 dBFS
[Parsed_ebur128_1 @ 0x13d61d670] t: 12.899979  TARGET:-23 LUFS    M: -27.3 S: -27.3     I: -27.9 LUFS       LRA:   3.8 LU  FTPK: -19.7 -19.2 dBFS  TPK: -18.9 -18.5 dBFS
[Parsed_ebur128_1 @ 0x13d61d670] t: 12.999979  TARGET:-23 LUFS    M: -27.1 S: -27.3     I: -27.9 LUFS       LRA:   3.8 LU  FTPK: -19.1 -18.6 dBFS  TPK: -18.9 -18.5 dBFS
[Parsed_ebur128_1 @ 0x13d61d670] t: 13.099979  TARGET:-23 LUFS    M: -26.9 S: -27.2     I: -27.9 LUFS       LRA:   3.8 LU  FTPK: -18.9 -18.4 dBFS  TPK: -18.9 -18.4 dBFS
[Parsed_ebur128_1 @ 0x13d61d670] t: 13.199979  TARGET:-23 LUFS    M: -26.7 S: -27.2     I: -27.9 LUFS       LRA:   3.8 LU  FTPK: -19.7 -19.3 dBFS  TPK: -18.9 -18.4 dBFS
[Parsed_ebur128_1 @ 0x13d61d670] t: 13.299979  TARGET:-23 LUFS    M: -26.9 S: -27.1     I: -27.9 LUFS       LRA:   3.8 LU  FTPK: -19.8 -19.4 dBFS  TPK: -18.9 -18.4 dBFS
[Parsed_ebur128_1 @ 0x13d61d670] t: 13.399979  TARGET:-23 LUFS    M: -26.9 S: -27.1     I: -27.9 LUFS       LRA:   3.8 LU  FTPK: -19.4 -19.0 dBFS  TPK: -18.9 -18.4 dBFS
[Parsed_ebur128_1 @ 0x13d61d670] t: 13.499979  TARGET:-23 LUFS    M: -27.1 S: -27.1     I: -27.9 LUFS       LRA:   3.8 LU  FTPK: -19.8 -19.5 dBFS  TPK: -18.9 -18.4 dBFS
[Parsed_ebur128_1 @ 0x13d61d670] t: 13.599979  TARGET:-23 LUFS    M: -27.2 S: -27.2     I: -27.9 LUFS       LRA:   3.8 LU  FTPK: -20.5 -20.1 dBFS  TPK: -18.9 -18.4 dBFS
[Parsed_ebur128_1 @ 0x13d61d670] t: 13.699979  TARGET:-23 LUFS    M: -27.2 S: -27.2     I: -27.9 LUFS       LRA:   3.8 LU  FTPK: -20.5 -20.0 dBFS  TPK: -18.9 -18.4 dBFS
[Parsed_ebur128_1 @ 0x13d61d670] t: 13.799979  TARGET:-23 LUFS    M: -27.3 S: -27.2     I: -27.9 LUFS       LRA:   3.8 LU  FTPK: -20.5 -20.2 dBFS  TPK: -18.9 -18.4 dBFS
[Parsed_ebur128_1 @ 0x13d61d670] t: 13.899979  TARGET:-23 LUFS    M: -27.4 S: -27.2     I: -27.8 LUFS       LRA:   3.8 LU  FTPK: -21.0 -20.8 dBFS  TPK: -18.9 -18.4 dBFS
[Parsed_ebur128_1 @ 0x13d61d670] t: 13.999979  TARGET:-23 LUFS    M: -27.5 S: -27.2     I: -27.8 LUFS       LRA:   3.7 LU  FTPK: -21.5 -20.9 dBFS  TPK: -18.9 -18.4 dBFS
[Parsed_ebur128_1 @ 0x13d61d670] t: 14.099979  TARGET:-23 LUFS    M: -27.3 S: -27.2     I: -27.8 LUFS       LRA:   3.7 LU  FTPK: -19.9 -19.3 dBFS  TPK: -18.9 -18.4 dBFS
[Parsed_ebur128_1 @ 0x13d61d670] t: 14.199979  TARGET:-23 LUFS    M: -27.0 S: -27.1     I: -27.8 LUFS       LRA:   3.7 LU  FTPK: -19.3 -18.7 dBFS  TPK: -18.9 -18.4 dBFS
[Parsed_ebur128_1 @ 0x13d61d670] t: 14.299979  TARGET:-23 LUFS    M: -26.7 S: -27.1     I: -27.8 LUFS       LRA:   3.7 LU  FTPK: -18.9 -18.3 dBFS  TPK: -18.9 -18.3 dBFS
[Parsed_ebur128_1 @ 0x13d61d670] t: 14.399979  TARGET:-23 LUFS    M: -26.4 S: -27.0     I: -27.8 LUFS       LRA:   3.6 LU  FTPK: -19.0 -18.6 dBFS  TPK: -18.9 -18.3 dBFS
[Parsed_ebur128_1 @ 0x13d61d670] t: 14.499979  TARGET:-23 LUFS    M: -26.4 S: -27.0     I: -27.8 LUFS       LRA:   3.6 LU  FTPK: -19.9 -19.5 dBFS  TPK: -18.9 -18.3 dBFS
[Parsed_ebur128_1 @ 0x13d61d670] t: 14.599979  TARGET:-23 LUFS    M: -26.5 S: -27.0     I: -27.8 LUFS       LRA:   3.6 LU  FTPK: -19.7 -19.2 dBFS  TPK: -18.9 -18.3 dBFS
[Parsed_ebur128_1 @ 0x13d61d670] t: 14.699979  TARGET:-23 LUFS    M: -26.7 S: -27.0     I: -27.8 LUFS       LRA:   3.6 LU  FTPK: -19.3 -18.8 dBFS  TPK: -18.9 -18.3 dBFS
[Parsed_ebur128_1 @ 0x13d61d670] t: 14.799979  TARGET:-23 LUFS    M: -26.9 S: -27.0     I: -27.8 LUFS       LRA:   3.6 LU  FTPK: -19.6 -19.1 dBFS  TPK: -18.9 -18.3 dBFS
[Parsed_ebur128_1 @ 0x13d61d670] t: 14.899979  TARGET:-23 LUFS    M: -27.2 S: -27.1     I: -27.8 LUFS       LRA:   3.6 LU  FTPK: -20.9 -20.5 dBFS  TPK: -18.9 -18.3 dBFS
[Parsed_ebur128_1 @ 0x13d61d670] t: 14.999979  TARGET:-23 LUFS    M: -27.6 S: -27.1     I: -27.8 LUFS       LRA:   3.6 LU  FTPK: -21.1 -20.6 dBFS  TPK: -18.9 -18.3 dBFS
[Parsed_ebur128_1 @ 0x13d61d670] t: 15.099979  TARGET:-23 LUFS    M: -28.0 S: -27.1     I: -27.8 LUFS       LRA:   3.6 LU  FTPK: -21.4 -20.9 dBFS  TPK: -18.9 -18.3 dBFS
[Parsed_ebur128_1 @ 0x13d61d670] t: 15.199979  TARGET:-23 LUFS    M: -28.6 S: -27.2     I: -27.8 LUFS       LRA:   3.6 LU  FTPK: -22.5 -22.2 dBFS  TPK: -18.9 -18.3 dBFS
[Parsed_ebur128_1 @ 0x13d61d670] t: 15.299979  TARGET:-23 LUFS    M: -29.0 S: -27.3     I: -27.8 LUFS       LRA:   3.6 LU  FTPK: -23.4 -22.9 dBFS  TPK: -18.9 -18.3 dBFS
[Parsed_ebur128_1 @ 0x13d61d670] t: 15.399979  TARGET:-23 LUFS    M: -29.5 S: -27.3     I: -27.8 LUFS       LRA:   3.5 LU  FTPK: -23.6 -23.0 dBFS  TPK: -18.9 -18.3 dBFS
[Parsed_ebur128_1 @ 0x13d61d670] t: 15.499979  TARGET:-23 LUFS    M: -30.0 S: -27.4     I: -27.8 LUFS       LRA:   3.5 LU  FTPK: -24.1 -23.6 dBFS  TPK: -18.9 -18.3 dBFS
[Parsed_ebur128_1 @ 0x13d61d670] t: 15.599979  TARGET:-23 LUFS    M: -30.6 S: -27.5     I: -27.8 LUFS       LRA:   3.5 LU  FTPK: -24.1 -23.6 dBFS  TPK: -18.9 -18.3 dBFS
[Parsed_ebur128_1 @ 0x13d61d670] t: 15.699979  TARGET:-23 LUFS    M: -31.2 S: -27.6     I: -27.8 LUFS       LRA:   3.5 LU  FTPK: -25.9 -25.5 dBFS  TPK: -18.9 -18.3 dBFS
[Parsed_ebur128_1 @ 0x13d61d670] t: 15.799979  TARGET:-23 LUFS    M: -31.9 S: -27.7     I: -27.9 LUFS       LRA:   3.5 LU  FTPK: -26.2 -25.8 dBFS  TPK: -18.9 -18.3 dBFS
[Parsed_ebur128_1 @ 0x13d61d670] t: 15.899979  TARGET:-23 LUFS    M: -32.5 S: -27.9     I: -27.9 LUFS       LRA:   3.5 LU  FTPK: -26.1 -25.6 dBFS  TPK: -18.9 -18.3 dBFS
[Parsed_ebur128_1 @ 0x13d61d670] t: 15.999979  TARGET:-23 LUFS    M: -33.2 S: -28.0     I: -27.9 LUFS       LRA:   3.5 LU  FTPK: -26.8 -26.3 dBFS  TPK: -18.9 -18.3 dBFS
[Parsed_ebur128_1 @ 0x13d61d670] t: 16.099979  TARGET:-23 LUFS    M: -33.9 S: -28.2     I: -27.9 LUFS       LRA:   3.5 LU  FTPK: -28.2 -27.8 dBFS  TPK: -18.9 -18.3 dBFS
[Parsed_ebur128_1 @ 0x13d61d670] t: 16.199979  TARGET:-23 LUFS    M: -34.6 S: -28.4     I: -27.9 LUFS       LRA:   3.5 LU  FTPK: -28.6 -28.1 dBFS  TPK: -18.9 -18.3 dBFS
[Parsed_ebur128_1 @ 0x13d61d670] t: 16.299979  TARGET:-23 LUFS    M: -35.2 S: -28.5     I: -28.0 LUFS       LRA:   3.5 LU  FTPK: -29.0 -28.4 dBFS  TPK: -18.9 -18.3 dBFS
[Parsed_ebur128_1 @ 0x13d61d670] t: 16.399979  TARGET:-23 LUFS    M: -35.6 S: -28.7     I: -28.0 LUFS       LRA:   3.4 LU  FTPK: -29.0 -28.6 dBFS  TPK: -18.9 -18.3 dBFS
[Parsed_ebur128_1 @ 0x13d61d670] t: 16.499979  TARGET:-23 LUFS    M: -35.7 S: -28.9     I: -28.0 LUFS       LRA:   3.4 LU  FTPK: -29.7 -29.6 dBFS  TPK: -18.9 -18.3 dBFS
[Parsed_ebur128_1 @ 0x13d61d670] t: 16.599979  TARGET:-23 LUFS    M: -35.5 S: -29.1     I: -28.0 LUFS       LRA:   3.4 LU  FTPK: -28.1 -27.7 dBFS  TPK: -18.9 -18.3 dBFS
[Parsed_ebur128_1 @ 0x13d61d670] t: 16.699979  TARGET:-23 LUFS    M: -35.1 S: -29.2     I: -28.0 LUFS       LRA:   3.4 LU  FTPK: -28.2 -27.7 dBFS  TPK: -18.9 -18.3 dBFS
[Parsed_ebur128_1 @ 0x13d61d670] t: 16.799979  TARGET:-23 LUFS    M: -34.6 S: -29.4     I: -28.1 LUFS       LRA:   3.4 LU  FTPK: -27.8 -27.3 dBFS  TPK: -18.9 -18.3 dBFS
[Parsed_ebur128_1 @ 0x13d61d670] t: 16.899979  TARGET:-23 LUFS    M: -33.9 S: -29.6     I: -28.1 LUFS       LRA:   3.4 LU  FTPK: -26.8 -26.7 dBFS  TPK: -18.9 -18.3 dBFS
[Parsed_ebur128_1 @ 0x13d61d670] t: 16.999979  TARGET:-23 LUFS    M: -33.2 S: -29.7     I: -28.1 LUFS       LRA:   3.4 LU  FTPK: -25.9 -25.8 dBFS  TPK: -18.9 -18.3 dBFS
[Parsed_ebur128_1 @ 0x13d61d670] t: 17.099979  TARGET:-23 LUFS    M: -31.7 S: -29.9     I: -28.1 LUFS       LRA:   3.4 LU  FTPK: -24.1 -23.5 dBFS  TPK: -18.9 -18.3 dBFS
[Parsed_ebur128_1 @ 0x13d61d670] t: 17.199979  TARGET:-23 LUFS    M: -30.2 S: -30.0     I: -28.1 LUFS       LRA:   3.4 LU  FTPK: -22.6 -22.0 dBFS  TPK: -18.9 -18.3 dBFS
[Parsed_ebur128_1 @ 0x13d61d670] t: 17.299979  TARGET:-23 LUFS    M: -29.1 S: -30.1     I: -28.1 LUFS       LRA:   3.4 LU  FTPK: -22.1 -21.7 dBFS  TPK: -18.9 -18.3 dBFS
[Parsed_ebur128_1 @ 0x13d61d670] t: 17.399979  TARGET:-23 LUFS    M: -28.2 S: -30.2     I: -28.1 LUFS       LRA:   3.4 LU  FTPK: -21.5 -21.2 dBFS  TPK: -18.9 -18.3 dBFS
[Parsed_ebur128_1 @ 0x13d61d670] t: 17.499979  TARGET:-23 LUFS    M: -27.6 S: -30.2     I: -28.1 LUFS       LRA:   3.4 LU  FTPK: -20.6 -20.2 dBFS  TPK: -18.9 -18.3 dBFS
[Parsed_ebur128_1 @ 0x13d61d670] t: 17.599979  TARGET:-23 LUFS    M: -27.4 S: -30.2     I: -28.1 LUFS       LRA:   3.4 LU  FTPK: -20.1 -19.7 dBFS  TPK: -18.9 -18.3 dBFS
[Parsed_ebur128_1 @ 0x13d61d670] t: 17.699979  TARGET:-23 LUFS    M: -27.0 S: -30.2     I: -28.1 LUFS       LRA:   3.4 LU  FTPK: -20.6 -20.1 dBFS  TPK: -18.9 -18.3 dBFS
[Parsed_ebur128_1 @ 0x13d61d670] t: 17.799979  TARGET:-23 LUFS    M: -26.9 S: -30.2     I: -28.1 LUFS       LRA:   3.4 LU  FTPK: -20.9 -20.6 dBFS  TPK: -18.9 -18.3 dBFS
[Parsed_ebur128_1 @ 0x13d61d670] t: 17.899979  TARGET:-23 LUFS    M: -26.9 S: -30.1     I: -28.1 LUFS       LRA:   3.4 LU  FTPK: -21.2 -20.8 dBFS  TPK: -18.9 -18.3 dBFS
[Parsed_ebur128_1 @ 0x13d61d670] t: 17.999979  TARGET:-23 LUFS    M: -26.8 S: -30.0     I: -28.1 LUFS       LRA:   3.4 LU  FTPK: -21.3 -21.0 dBFS  TPK: -18.9 -18.3 dBFS
[Parsed_ebur128_1 @ 0x13d61d670] t: 18.099979  TARGET:-23 LUFS    M: -27.0 S: -29.9     I: -28.1 LUFS       LRA:   3.4 LU  FTPK: -21.6 -21.3 dBFS  TPK: -18.9 -18.3 dBFS
[Parsed_ebur128_1 @ 0x13d61d670] t: 18.199979  TARGET:-23 LUFS    M: -27.0 S: -29.8     I: -28.1 LUFS       LRA:   3.4 LU  FTPK: -21.1 -20.9 dBFS  TPK: -18.9 -18.3 dBFS
[Parsed_ebur128_1 @ 0x13d61d670] t: 18.299979  TARGET:-23 LUFS    M: -27.1 S: -29.7     I: -28.1 LUFS       LRA:   3.4 LU  FTPK: -20.0 -19.7 dBFS  TPK: -18.9 -18.3 dBFS
[Parsed_ebur128_1 @ 0x13d61d670] t: 18.399979  TARGET:-23 LUFS    M: -26.8 S: -29.5     I: -28.1 LUFS       LRA:   3.4 LU  FTPK: -19.3 -18.8 dBFS  TPK: -18.9 -18.3 dBFS
[Parsed_ebur128_1 @ 0x13d61d670] t: 18.499979  TARGET:-23 LUFS    M: -26.5 S: -29.3     I: -28.1 LUFS       LRA:   3.4 LU  FTPK: -20.1 -19.8 dBFS  TPK: -18.9 -18.3 dBFS
[Parsed_ebur128_1 @ 0x13d61d670] t: 18.599979  TARGET:-23 LUFS    M: -26.2 S: -29.1     I: -28.0 LUFS       LRA:   3.4 LU  FTPK: -20.2 -19.6 dBFS  TPK: -18.9 -18.3 dBFS
[Parsed_ebur128_1 @ 0x13d61d670] t: 18.699979  TARGET:-23 LUFS    M: -26.0 S: -28.9     I: -28.0 LUFS       LRA:   3.4 LU  FTPK: -20.3 -19.8 dBFS  TPK: -18.9 -18.3 dBFS
[Parsed_ebur128_1 @ 0x13d61d670] t: 18.799979  TARGET:-23 LUFS    M: -26.1 S: -28.7     I: -28.0 LUFS       LRA:   3.4 LU  FTPK: -20.0 -19.8 dBFS  TPK: -18.9 -18.3 dBFS
[Parsed_ebur128_1 @ 0x13d61d670] t: 18.899979  TARGET:-23 LUFS    M: -26.2 S: -28.5     I: -28.0 LUFS       LRA:   3.4 LU  FTPK: -20.0 -19.6 dBFS  TPK: -18.9 -18.3 dBFS
[Parsed_ebur128_1 @ 0x13d61d670] t: 18.999979  TARGET:-23 LUFS    M: -26.4 S: -28.3     I: -28.0 LUFS       LRA:   3.4 LU  FTPK: -20.3 -19.8 dBFS  TPK: -18.9 -18.3 dBFS
[Parsed_ebur128_1 @ 0x13d61d670] t: 19.099979  TARGET:-23 LUFS    M: -26.5 S: -28.1     I: -28.0 LUFS       LRA:   3.4 LU  FTPK: -20.0 -19.7 dBFS  TPK: -18.9 -18.3 dBFS
[Parsed_ebur128_1 @ 0x13d61d670] t: 19.199979  TARGET:-23 LUFS    M: -26.6 S: -27.9     I: -28.0 LUFS       LRA:   3.4 LU  FTPK: -19.9 -19.6 dBFS  TPK: -18.9 -18.3 dBFS
[Parsed_ebur128_1 @ 0x13d61d670] t: 19.299979  TARGET:-23 LUFS    M: -26.7 S: -27.8     I: -28.0 LUFS       LRA:   3.4 LU  FTPK: -20.2 -19.7 dBFS  TPK: -18.9 -18.3 dBFS
[Parsed_ebur128_1 @ 0x13d61d670] t: 19.399979  TARGET:-23 LUFS    M: -26.8 S: -27.6     I: -28.0 LUFS       LRA:   3.4 LU  FTPK: -20.9 -20.4 dBFS  TPK: -18.9 -18.3 dBFS
[Parsed_ebur128_1 @ 0x13d61d670] t: 19.499979  TARGET:-23 LUFS    M: -26.9 S: -27.5     I: -28.0 LUFS       LRA:   3.4 LU  FTPK: -20.7 -20.4 dBFS  TPK: -18.9 -18.3 dBFS
[Parsed_ebur128_1 @ 0x13d61d670] t: 19.599979  TARGET:-23 LUFS    M: -26.8 S: -27.3     I: -27.9 LUFS       LRA:   3.4 LU  FTPK: -20.2 -19.8 dBFS  TPK: -18.9 -18.3 dBFS
[Parsed_ebur128_1 @ 0x13d61d670] t: 19.699979  TARGET:-23 LUFS    M: -26.6 S: -27.2     I: -27.9 LUFS       LRA:   3.4 LU  FTPK: -18.8 -18.4 dBFS  TPK: -18.8 -18.3 dBFS
[Parsed_ebur128_1 @ 0x13d61d670] t: 19.799979  TARGET:-23 LUFS    M: -26.4 S: -27.0     I: -27.9 LUFS       LRA:   3.4 LU  FTPK: -18.9 -18.5 dBFS  TPK: -18.8 -18.3 dBFS
[Parsed_ebur128_1 @ 0x13d61d670] t: 19.899979  TARGET:-23 LUFS    M: -26.3 S: -26.9     I: -27.9 LUFS       LRA:   3.4 LU  FTPK: -19.3 -19.0 dBFS  TPK: -18.8 -18.3 dBFS
[Parsed_ebur128_1 @ 0x13d61d670] t: 19.999979  TARGET:-23 LUFS    M: -26.3 S: -26.8     I: -27.9 LUFS       LRA:   3.4 LU  FTPK: -19.7 -19.3 dBFS  TPK: -18.8 -18.3 dBFS
[Parsed_ebur128_1 @ 0x13d61d670] t: 20.099979  TARGET:-23 LUFS    M: -26.4 S: -26.7     I: -27.9 LUFS       LRA:   3.4 LU  FTPK: -19.5 -19.2 dBFS  TPK: -18.8 -18.3 dBFS
[Parsed_ebur128_1 @ 0x13d61d670] t: 20.199979  TARGET:-23 LUFS    M: -26.5 S: -26.7     I: -27.9 LUFS       LRA:   3.4 LU  FTPK: -19.7 -19.4 dBFS  TPK: -18.8 -18.3 dBFS
[Parsed_ebur128_1 @ 0x13d61d670] t: 20.299979  TARGET:-23 LUFS    M: -26.6 S: -26.6     I: -27.9 LUFS       LRA:   3.4 LU  FTPK: -20.3 -20.0 dBFS  TPK: -18.8 -18.3 dBFS
[Parsed_ebur128_1 @ 0x13d61d670] t: 20.399979  TARGET:-23 LUFS    M: -26.8 S: -26.6     I: -27.9 LUFS       LRA:   3.4 LU  FTPK: -20.9 -20.6 dBFS  TPK: -18.8 -18.3 dBFS
[Parsed_ebur128_1 @ 0x13d61d670] t: 20.499979  TARGET:-23 LUFS    M: -26.8 S: -26.6     I: -27.9 LUFS       LRA:   3.4 LU  FTPK: -20.9 -20.6 dBFS  TPK: -18.8 -18.3 dBFS
[Parsed_ebur128_1 @ 0x13d61d670] t: 20.599979  TARGET:-23 LUFS    M: -27.0 S: -26.6     I: -27.9 LUFS       LRA:   3.4 LU  FTPK: -20.3 -19.9 dBFS  TPK: -18.8 -18.3 dBFS
[Parsed_ebur128_1 @ 0x13d61d670] t: 20.699979  TARGET:-23 LUFS    M: -27.0 S: -26.6     I: -27.9 LUFS       LRA:   3.5 LU  FTPK: -20.0 -19.7 dBFS  TPK: -18.8 -18.3 dBFS
[Parsed_ebur128_1 @ 0x13d61d670] t: 20.799979  TARGET:-23 LUFS    M: -27.1 S: -26.6     I: -27.9 LUFS       LRA:   3.5 LU  FTPK: -20.3 -20.0 dBFS  TPK: -18.8 -18.3 dBFS
[Parsed_ebur128_1 @ 0x13d61d670] t: 20.899979  TARGET:-23 LUFS    M: -26.8 S: -26.6     I: -27.9 LUFS       LRA:   3.5 LU  FTPK: -18.9 -18.5 dBFS  TPK: -18.8 -18.3 dBFS
[Parsed_ebur128_1 @ 0x13d61d670] t: 20.999979  TARGET:-23 LUFS    M: -26.6 S: -26.6     I: -27.8 LUFS       LRA:   3.5 LU  FTPK: -18.3 -17.9 dBFS  TPK: -18.3 -17.9 dBFS
[Parsed_ebur128_1 @ 0x13d61d670] t: 21.099979  TARGET:-23 LUFS    M: -26.5 S: -26.6     I: -27.8 LUFS       LRA:   3.5 LU  FTPK: -18.7 -18.3 dBFS  TPK: -18.3 -17.9 dBFS
[Parsed_ebur128_1 @ 0x13d61d670] t: 21.199979  TARGET:-23 LUFS    M: -26.3 S: -26.6     I: -27.8 LUFS       LRA:   3.5 LU  FTPK: -19.4 -19.1 dBFS  TPK: -18.3 -17.9 dBFS
[Parsed_ebur128_1 @ 0x13d61d670] t: 21.299979  TARGET:-23 LUFS    M: -26.5 S: -26.5     I: -27.8 LUFS       LRA:   3.5 LU  FTPK: -20.5 -20.1 dBFS  TPK: -18.3 -17.9 dBFS
[Parsed_ebur128_1 @ 0x13d61d670] t: 21.399979  TARGET:-23 LUFS    M: -26.6 S: -26.6     I: -27.8 LUFS       LRA:   3.5 LU  FTPK: -19.2 -18.8 dBFS  TPK: -18.3 -17.9 dBFS
[Parsed_ebur128_1 @ 0x13d61d670] t: 21.499979  TARGET:-23 LUFS    M: -26.7 S: -26.6     I: -27.8 LUFS       LRA:   3.5 LU  FTPK: -19.4 -19.1 dBFS  TPK: -18.3 -17.9 dBFS
[Parsed_ebur128_1 @ 0x13d61d670] t: 21.599979  TARGET:-23 LUFS    M: -26.8 S: -26.6     I: -27.8 LUFS       LRA:   3.5 LU  FTPK: -19.7 -19.4 dBFS  TPK: -18.3 -17.9 dBFS
[Parsed_ebur128_1 @ 0x13d61d670] t: 21.699979  TARGET:-23 LUFS    M: -26.9 S: -26.7     I: -27.8 LUFS       LRA:   3.5 LU  FTPK: -20.0 -19.7 dBFS  TPK: -18.3 -17.9 dBFS
[Parsed_ebur128_1 @ 0x13d61d670] t: 21.799979  TARGET:-23 LUFS    M: -27.0 S: -26.7     I: -27.8 LUFS       LRA:   3.5 LU  FTPK: -19.5 -19.2 dBFS  TPK: -18.3 -17.9 dBFS
[Parsed_ebur128_1 @ 0x13d61d670] t: 21.899979  TARGET:-23 LUFS    M: -27.1 S: -26.7     I: -27.8 LUFS       LRA:   3.5 LU  FTPK: -20.9 -20.6 dBFS  TPK: -18.3 -17.9 dBFS
[Parsed_ebur128_1 @ 0x13d61d670] t: 21.999979  TARGET:-23 LUFS    M: -27.1 S: -26.7     I: -27.8 LUFS       LRA:   3.5 LU  FTPK: -19.6 -19.3 dBFS  TPK: -18.3 -17.9 dBFS
[Parsed_ebur128_1 @ 0x13d61d670] t: 22.099979  TARGET:-23 LUFS    M: -27.0 S: -26.7     I: -27.8 LUFS       LRA:   3.5 LU  FTPK: -19.6 -19.2 dBFS  TPK: -18.3 -17.9 dBFS
[Parsed_ebur128_1 @ 0x13d61d670] t: 22.199979  TARGET:-23 LUFS    M: -26.7 S: -26.7     I: -27.8 LUFS       LRA:   3.5 LU  FTPK: -19.3 -18.9 dBFS  TPK: -18.3 -17.9 dBFS
[Parsed_ebur128_1 @ 0x13d61d670] t: 22.299979  TARGET:-23 LUFS    M: -26.4 S: -26.7     I: -27.8 LUFS       LRA:   3.5 LU  FTPK: -19.2 -18.8 dBFS  TPK: -18.3 -17.9 dBFS
[Parsed_ebur128_1 @ 0x13d61d670] t: 22.399979  TARGET:-23 LUFS    M: -26.2 S: -26.6     I: -27.8 LUFS       LRA:   3.5 LU  FTPK: -19.2 -18.8 dBFS  TPK: -18.3 -17.9 dBFS
[Parsed_ebur128_1 @ 0x13d61d670] t: 22.499979  TARGET:-23 LUFS    M: -26.1 S: -26.6     I: -27.8 LUFS       LRA:   3.5 LU  FTPK: -19.2 -18.8 dBFS  TPK: -18.3 -17.9 dBFS
[Parsed_ebur128_1 @ 0x13d61d670] t: 22.599979  TARGET:-23 LUFS    M: -26.3 S: -26.6     I: -27.7 LUFS       LRA:   3.5 LU  FTPK: -19.8 -19.4 dBFS  TPK: -18.3 -17.9 dBFS
[Parsed_ebur128_1 @ 0x13d61d670] t: 22.699979  TARGET:-23 LUFS    M: -26.4 S: -26.6     I: -27.7 LUFS       LRA:   3.5 LU  FTPK: -19.7 -19.2 dBFS  TPK: -18.3 -17.9 dBFS
[Parsed_ebur128_1 @ 0x13d61d670] t: 22.799979  TARGET:-23 LUFS    M: -26.7 S: -26.7     I: -27.7 LUFS       LRA:   3.5 LU  FTPK: -19.7 -19.2 dBFS  TPK: -18.3 -17.9 dBFS
[Parsed_ebur128_1 @ 0x13d61d670] t: 22.899979  TARGET:-23 LUFS    M: -27.0 S: -26.7     I: -27.7 LUFS       LRA:   3.5 LU  FTPK: -20.3 -19.9 dBFS  TPK: -18.3 -17.9 dBFS
[Parsed_ebur128_1 @ 0x13d61d670] t: 22.999979  TARGET:-23 LUFS    M: -27.4 S: -26.8     I: -27.7 LUFS       LRA:   3.5 LU  FTPK: -21.9 -21.5 dBFS  TPK: -18.3 -17.9 dBFS
[Parsed_ebur128_1 @ 0x13d61d670] t: 23.099979  TARGET:-23 LUFS    M: -27.8 S: -26.8     I: -27.7 LUFS       LRA:   3.5 LU  FTPK: -21.6 -21.2 dBFS  TPK: -18.3 -17.9 dBFS
[Parsed_ebur128_1 @ 0x13d61d670] t: 23.199979  TARGET:-23 LUFS    M: -28.3 S: -26.9     I: -27.7 LUFS       LRA:   3.5 LU  FTPK: -22.0 -21.6 dBFS  TPK: -18.3 -17.9 dBFS
[Parsed_ebur128_1 @ 0x13d61d670] t: 23.299979  TARGET:-23 LUFS    M: -28.8 S: -27.0     I: -27.7 LUFS       LRA:   3.5 LU  FTPK: -22.5 -22.1 dBFS  TPK: -18.3 -17.9 dBFS
[Parsed_ebur128_1 @ 0x13d61d670] t: 23.399979  TARGET:-23 LUFS    M: -29.3 S: -27.0     I: -27.7 LUFS       LRA:   3.5 LU  FTPK: -23.6 -23.2 dBFS  TPK: -18.3 -17.9 dBFS
[Parsed_ebur128_1 @ 0x13d61d670] t: 23.499979  TARGET:-23 LUFS    M: -29.8 S: -27.1     I: -27.7 LUFS       LRA:   3.5 LU  FTPK: -24.7 -24.2 dBFS  TPK: -18.3 -17.9 dBFS
[Parsed_ebur128_1 @ 0x13d61d670] t: 23.599979  TARGET:-23 LUFS    M: -30.4 S: -27.2     I: -27.8 LUFS       LRA:   3.5 LU  FTPK: -24.3 -23.8 dBFS  TPK: -18.3 -17.9 dBFS
[Parsed_ebur128_1 @ 0x13d61d670] t: 23.699979  TARGET:-23 LUFS    M: -31.0 S: -27.3     I: -27.8 LUFS       LRA:   3.5 LU  FTPK: -24.4 -24.0 dBFS  TPK: -18.3 -17.9 dBFS
[Parsed_ebur128_1 @ 0x13d61d670] t: 23.799979  TARGET:-23 LUFS    M: -31.6 S: -27.4     I: -27.8 LUFS       LRA:   3.5 LU  FTPK: -25.3 -24.9 dBFS  TPK: -18.3 -17.9 dBFS
[Parsed_ebur128_1 @ 0x13d61d670] t: 23.899979  TARGET:-23 LUFS    M: -32.2 S: -27.6     I: -27.8 LUFS       LRA:   3.5 LU  FTPK: -26.9 -26.5 dBFS  TPK: -18.3 -17.9 dBFS
[Parsed_ebur128_1 @ 0x13d61d670] t: 23.999979  TARGET:-23 LUFS    M: -32.9 S: -27.7     I: -27.8 LUFS       LRA:   3.5 LU  FTPK: -27.6 -27.0 dBFS  TPK: -18.3 -17.9 dBFS
[Parsed_ebur128_1 @ 0x13d61d670] t: 24.099979  TARGET:-23 LUFS    M: -33.7 S: -27.9     I: -27.8 LUFS       LRA:   3.5 LU  FTPK: -28.3 -27.8 dBFS  TPK: -18.3 -17.9 dBFS
[Parsed_ebur128_1 @ 0x13d61d670] t: 24.199979  TARGET:-23 LUFS    M: -34.5 S: -28.1     I: -27.8 LUFS       LRA:   3.5 LU  FTPK: -29.5 -28.8 dBFS  TPK: -18.3 -17.9 dBFS
[Parsed_ebur128_1 @ 0x13d61d670] t: 24.299979  TARGET:-23 LUFS    M: -35.2 S: -28.3     I: -27.8 LUFS       LRA:   3.5 LU  FTPK: -29.6 -29.0 dBFS  TPK: -18.3 -17.9 dBFS
[Parsed_ebur128_1 @ 0x13d61d670] t: 24.399979  TARGET:-23 LUFS    M: -35.9 S: -28.5     I: -27.9 LUFS       LRA:   3.5 LU  FTPK: -30.1 -29.5 dBFS  TPK: -18.3 -17.9 dBFS
[Parsed_ebur128_1 @ 0x13d61d670] t: 24.499979  TARGET:-23 LUFS    M: -36.2 S: -28.7     I: -27.9 LUFS       LRA:   3.5 LU  FTPK: -29.3 -29.1 dBFS  TPK: -18.3 -17.9 dBFS
[Parsed_ebur128_1 @ 0x13d61d670] t: 24.599979  TARGET:-23 LUFS    M: -36.1 S: -28.8     I: -27.9 LUFS       LRA:   3.5 LU  FTPK: -28.2 -27.7 dBFS  TPK: -18.3 -17.9 dBFS
[Parsed_ebur128_1 @ 0x13d61d670] t: 24.699979  TARGET:-23 LUFS    M: -35.8 S: -29.0     I: -27.9 LUFS       LRA:   3.5 LU  FTPK: -27.8 -27.5 dBFS  TPK: -18.3 -17.9 dBFS
[Parsed_ebur128_1 @ 0x13d61d670] t: 24.799979  TARGET:-23 LUFS    M: -34.9 S: -29.2     I: -27.9 LUFS       LRA:   3.5 LU  FTPK: -27.5 -27.2 dBFS  TPK: -18.3 -17.9 dBFS
[Parsed_ebur128_1 @ 0x13d61d670] t: 24.899979  TARGET:-23 LUFS    M: -34.1 S: -29.4     I: -27.9 LUFS       LRA:   3.5 LU  FTPK: -26.3 -26.1 dBFS  TPK: -18.3 -17.9 dBFS
[Parsed_ebur128_1 @ 0x13d61d670] t: 24.999979  TARGET:-23 LUFS    M: -33.3 S: -29.6     I: -27.9 LUFS       LRA:   3.5 LU  FTPK: -26.0 -25.8 dBFS  TPK: -18.3 -17.9 dBFS
[Parsed_ebur128_1 @ 0x13d61d670] t: 25.099979  TARGET:-23 LUFS    M: -32.3 S: -29.7     I: -28.0 LUFS       LRA:   3.5 LU  FTPK: -24.6 -23.7 dBFS  TPK: -18.3 -17.9 dBFS
[Parsed_ebur128_1 @ 0x13d61d670] t: 25.199979  TARGET:-23 LUFS    M: -31.2 S: -29.9     I: -28.0 LUFS       LRA:   3.5 LU  FTPK: -24.5 -24.1 dBFS  TPK: -18.3 -17.9 dBFS
[Parsed_ebur128_1 @ 0x13d61d670] t: 25.299979  TARGET:-23 LUFS    M: -30.5 S: -30.1     I: -28.0 LUFS       LRA:   3.5 LU  FTPK: -23.0 -22.6 dBFS  TPK: -18.3 -17.9 dBFS
[Parsed_ebur128_1 @ 0x13d61d670] t: 25.399979  TARGET:-23 LUFS    M: -29.8 S: -30.3     I: -28.0 LUFS       LRA:   3.5 LU  FTPK: -23.5 -22.9 dBFS  TPK: -18.3 -17.9 dBFS
[Parsed_ebur128_1 @ 0x13d61d670] t: 25.499979  TARGET:-23 LUFS    M: -29.2 S: -30.5     I: -28.0 LUFS       LRA:   3.5 LU  FTPK: -24.3 -23.4 dBFS  TPK: -18.3 -17.9 dBFS
[Parsed_ebur128_1 @ 0x13d61d670] t: 25.599979  TARGET:-23 LUFS    M: -28.9 S: -30.6     I: -28.0 LUFS       LRA:   3.5 LU  FTPK: -23.6 -23.2 dBFS  TPK: -18.3 -17.9 dBFS
[Parsed_ebur128_1 @ 0x13d61d670] t: 25.699979  TARGET:-23 LUFS    M: -28.6 S: -30.7     I: -28.0 LUFS       LRA:   3.5 LU  FTPK: -21.2 -20.8 dBFS  TPK: -18.3 -17.9 dBFS
[Parsed_ebur128_1 @ 0x13d61d670] t: 25.799979  TARGET:-23 LUFS    M: -28.3 S: -30.8     I: -28.0 LUFS       LRA:   3.5 LU  FTPK: -21.3 -21.0 dBFS  TPK: -18.3 -17.9 dBFS
[Parsed_ebur128_1 @ 0x13d61d670] t: 25.899979  TARGET:-23 LUFS    M: -28.2 S: -30.8     I: -28.0 LUFS       LRA:   3.6 LU  FTPK: -23.8 -23.1 dBFS  TPK: -18.3 -17.9 dBFS
[Parsed_ebur128_1 @ 0x13d61d670] t: 25.999979  TARGET:-23 LUFS    M: -28.1 S: -30.8     I: -28.0 LUFS       LRA:   3.6 LU  FTPK: -23.7 -23.5 dBFS  TPK: -18.3 -17.9 dBFS
[Parsed_ebur128_1 @ 0x13d61d670] t: 26.099979  TARGET:-23 LUFS    M: -28.1 S: -30.8     I: -28.0 LUFS       LRA:   3.6 LU  FTPK: -22.1 -22.1 dBFS  TPK: -18.3 -17.9 dBFS
[Parsed_ebur128_1 @ 0x13d61d670] t: 26.199979  TARGET:-23 LUFS    M: -28.2 S: -30.7     I: -28.0 LUFS       LRA:   3.6 LU  FTPK: -22.0 -21.6 dBFS  TPK: -18.3 -17.9 dBFS
[Parsed_ebur128_1 @ 0x13d61d670] t: 26.299979  TARGET:-23 LUFS    M: -28.1 S: -30.7     I: -28.0 LUFS       LRA:   3.7 LU  FTPK: -22.8 -22.3 dBFS  TPK: -18.3 -17.9 dBFS
[Parsed_ebur128_1 @ 0x13d61d670] t: 26.399979  TARGET:-23 LUFS    M: -27.7 S: -30.5     I: -28.0 LUFS       LRA:   3.7 LU  FTPK: -21.5 -21.3 dBFS  TPK: -18.3 -17.9 dBFS
[Parsed_ebur128_1 @ 0x13d61d670] t: 26.499979  TARGET:-23 LUFS    M: -27.4 S: -30.3     I: -28.0 LUFS       LRA:   3.7 LU  FTPK: -21.6 -21.4 dBFS  TPK: -18.3 -17.9 dBFS
[Parsed_ebur128_1 @ 0x13d61d670] t: 26.599979  TARGET:-23 LUFS    M: -27.0 S: -30.1     I: -28.0 LUFS       LRA:   3.7 LU  FTPK: -22.0 -21.3 dBFS  TPK: -18.3 -17.9 dBFS
[Parsed_ebur128_1 @ 0x13d61d670] t: 26.699979  TARGET:-23 LUFS    M: -26.8 S: -29.9     I: -28.0 LUFS       LRA:   3.7 LU  FTPK: -21.6 -20.9 dBFS  TPK: -18.3 -17.9 dBFS
[Parsed_ebur128_1 @ 0x13d61d670] t: 26.799979  TARGET:-23 LUFS    M: -26.9 S: -29.7     I: -28.0 LUFS       LRA:   3.7 LU  FTPK: -21.3 -21.0 dBFS  TPK: -18.3 -17.9 dBFS
[Parsed_ebur128_1 @ 0x13d61d670] t: 26.899979  TARGET:-23 LUFS    M: -27.0 S: -29.5     I: -28.0 LUFS       LRA:   3.7 LU  FTPK: -20.2 -20.0 dBFS  TPK: -18.3 -17.9 dBFS
[Parsed_ebur128_1 @ 0x13d61d670] t: 26.999979  TARGET:-23 LUFS    M: -27.0 S: -29.3     I: -28.0 LUFS       LRA:   3.7 LU  FTPK: -20.7 -20.5 dBFS  TPK: -18.3 -17.9 dBFS
[Parsed_ebur128_1 @ 0x13d61d670] t: 27.099979  TARGET:-23 LUFS    M: -27.2 S: -29.1     I: -28.0 LUFS       LRA:   3.7 LU  FTPK: -23.0 -22.7 dBFS  TPK: -18.3 -17.9 dBFS
[Parsed_ebur128_1 @ 0x13d61d670] t: 27.199979  TARGET:-23 LUFS    M: -27.2 S: -28.9     I: -28.0 LUFS       LRA:   3.7 LU  FTPK: -22.7 -22.7 dBFS  TPK: -18.3 -17.9 dBFS
[Parsed_ebur128_1 @ 0x13d61d670] t: 27.299979  TARGET:-23 LUFS    M: -27.3 S: -28.7     I: -28.0 LUFS       LRA:   3.7 LU  FTPK: -20.9 -20.7 dBFS  TPK: -18.3 -17.9 dBFS
[Parsed_ebur128_1 @ 0x13d61d670] t: 27.399979  TARGET:-23 LUFS    M: -27.4 S: -28.6     I: -28.0 LUFS       LRA:   3.6 LU  FTPK: -20.7 -20.4 dBFS  TPK: -18.3 -17.9 dBFS
[Parsed_ebur128_1 @ 0x13d61d670] t: 27.499979  TARGET:-23 LUFS    M: -27.4 S: -28.4     I: -28.0 LUFS       LRA:   3.6 LU  FTPK: -21.9 -21.5 dBFS  TPK: -18.3 -17.9 dBFS
[Parsed_ebur128_1 @ 0x13d61d670] t: 27.599979  TARGET:-23 LUFS    M: -27.3 S: -28.2     I: -28.0 LUFS       LRA:   3.6 LU  FTPK: -21.8 -21.1 dBFS  TPK: -18.3 -17.9 dBFS
[Parsed_ebur128_1 @ 0x13d61d670] t: 27.699979  TARGET:-23 LUFS    M: -27.2 S: -28.1     I: -28.0 LUFS       LRA:   3.6 LU  FTPK: -21.8 -21.1 dBFS  TPK: -18.3 -17.9 dBFS
[Parsed_ebur128_1 @ 0x13d61d670] t: 27.799979  TARGET:-23 LUFS    M: -27.0 S: -27.9     I: -27.9 LUFS       LRA:   3.6 LU  FTPK: -19.8 -19.3 dBFS  TPK: -18.3 -17.9 dBFS
[Parsed_ebur128_1 @ 0x13d61d670] t: 27.899979  TARGET:-23 LUFS    M: -26.8 S: -27.8     I: -27.9 LUFS       LRA:   3.6 LU  FTPK: -20.2 -19.6 dBFS  TPK: -18.3 -17.9 dBFS
[Parsed_ebur128_1 @ 0x13d61d670] t: 27.999979  TARGET:-23 LUFS    M: -26.8 S: -27.7     I: -27.9 LUFS       LRA:   3.6 LU  FTPK: -20.5 -20.3 dBFS  TPK: -18.3 -17.9 dBFS
[Parsed_ebur128_1 @ 0x13d61d670] t: 28.099979  TARGET:-23 LUFS    M: -26.9 S: -27.6     I: -27.9 LUFS       LRA:   3.6 LU  FTPK: -20.5 -20.3 dBFS  TPK: -18.3 -17.9 dBFS
[Parsed_ebur128_1 @ 0x13d61d670] t: 28.199979  TARGET:-23 LUFS    M: -27.0 S: -27.5     I: -27.9 LUFS       LRA:   3.6 LU  FTPK: -20.7 -20.3 dBFS  TPK: -18.3 -17.9 dBFS
[Parsed_ebur128_1 @ 0x13d61d670] t: 28.299979  TARGET:-23 LUFS    M: -27.1 S: -27.4     I: -27.9 LUFS       LRA:   3.6 LU  FTPK: -22.6 -21.8 dBFS  TPK: -18.3 -17.9 dBFS
[Parsed_ebur128_1 @ 0x13d61d670] t: 28.399979  TARGET:-23 LUFS    M: -27.2 S: -27.4     I: -27.9 LUFS       LRA:   3.6 LU  FTPK: -21.8 -21.5 dBFS  TPK: -18.3 -17.9 dBFS
[Parsed_ebur128_1 @ 0x13d61d670] t: 28.499979  TARGET:-23 LUFS    M: -27.2 S: -27.3     I: -27.9 LUFS       LRA:   3.6 LU  FTPK: -20.2 -19.9 dBFS  TPK: -18.3 -17.9 dBFS
[Parsed_ebur128_1 @ 0x13d61d670] t: 28.599979  TARGET:-23 LUFS    M: -27.4 S: -27.3     I: -27.9 LUFS       LRA:   3.6 LU  FTPK: -20.7 -20.3 dBFS  TPK: -18.3 -17.9 dBFS
[Parsed_ebur128_1 @ 0x13d61d670] t: 28.699979  TARGET:-23 LUFS    M: -27.5 S: -27.3     I: -27.9 LUFS       LRA:   3.6 LU  FTPK: -21.4 -21.0 dBFS  TPK: -18.3 -17.9 dBFS
[Parsed_ebur128_1 @ 0x13d61d670] t: 28.799979  TARGET:-23 LUFS    M: -27.7 S: -27.3     I: -27.9 LUFS       LRA:   3.6 LU  FTPK: -23.0 -22.8 dBFS  TPK: -18.3 -17.9 dBFS
[Parsed_ebur128_1 @ 0x13d61d670] t: 28.899979  TARGET:-23 LUFS    M: -28.0 S: -27.3     I: -27.9 LUFS       LRA:   3.6 LU  FTPK: -21.8 -21.4 dBFS  TPK: -18.3 -17.9 dBFS
[Parsed_ebur128_1 @ 0x13d61d670] t: 28.999979  TARGET:-23 LUFS    M: -28.3 S: -27.3     I: -27.9 LUFS       LRA:   3.6 LU  FTPK: -21.7 -21.3 dBFS  TPK: -18.3 -17.9 dBFS
[Parsed_ebur128_1 @ 0x13d61d670] t: 29.099979  TARGET:-23 LUFS    M: -28.8 S: -27.4     I: -27.9 LUFS       LRA:   3.6 LU  FTPK: -24.9 -24.6 dBFS  TPK: -18.3 -17.9 dBFS
[Parsed_ebur128_1 @ 0x13d61d670] t: 29.199979  TARGET:-23 LUFS    M: -29.3 S: -27.4     I: -27.9 LUFS       LRA:   3.6 LU  FTPK: -24.8 -24.4 dBFS  TPK: -18.3 -17.9 dBFS
[Parsed_ebur128_1 @ 0x13d61d670] t: 29.299979  TARGET:-23 LUFS    M: -30.3 S: -27.5     I: -27.9 LUFS       LRA:   3.6 LU  FTPK: -24.8 -24.5 dBFS  TPK: -18.3 -17.9 dBFS
[Parsed_ebur128_1 @ 0x13d61d670] t: 29.399979  TARGET:-23 LUFS    M: -31.4 S: -27.6     I: -27.9 LUFS       LRA:   3.6 LU  FTPK: -28.8 -28.6 dBFS  TPK: -18.3 -17.9 dBFS
[Parsed_ebur128_1 @ 0x13d61d670] t: 29.499979  TARGET:-23 LUFS    M: -32.6 S: -27.8     I: -27.9 LUFS       LRA:   3.6 LU  FTPK: -29.5 -29.5 dBFS  TPK: -18.3 -17.9 dBFS
[Parsed_ebur128_1 @ 0x13d61d670] t: 29.599979  TARGET:-23 LUFS    M: -34.0 S: -28.0     I: -28.0 LUFS       LRA:   3.6 LU  FTPK: -31.0 -30.7 dBFS  TPK: -18.3 -17.9 dBFS
[Parsed_ebur128_1 @ 0x13d61d670] t: 29.699979  TARGET:-23 LUFS    M: -35.6 S: -28.1     I: -28.0 LUFS       LRA:   3.6 LU  FTPK: -31.5 -31.2 dBFS  TPK: -18.3 -17.9 dBFS
[Parsed_ebur128_1 @ 0x13d61d670] t: 29.799979  TARGET:-23 LUFS    M: -37.6 S: -28.3     I: -28.0 LUFS       LRA:   3.6 LU  FTPK: -34.3 -34.2 dBFS  TPK: -18.3 -17.9 dBFS
[Parsed_ebur128_1 @ 0x13d61d670] t: 29.899979  TARGET:-23 LUFS    M: -39.9 S: -28.5     I: -28.0 LUFS       LRA:   3.6 LU  FTPK: -41.1 -40.6 dBFS  TPK: -18.3 -17.9 dBFS
[Parsed_ebur128_1 @ 0x13d61d670] t: 29.999979  TARGET:-23 LUFS    M: -42.9 S: -28.7     I: -28.0 LUFS       LRA:   3.6 LU  FTPK: -46.2 -46.3 dBFS  TPK: -18.3 -17.9 dBFS
[Parsed_ebur128_1 @ 0x13d61d670] Summary:

  Integrated loudness:
    I:         -28.0 LUFS
    Threshold: -38.1 LUFS

  Loudness range:
    LRA:         3.6 LU
    Threshold: -47.9 LUFS
    LRA low:   -30.2 LUFS
    LRA high:  -26.6 LUFS

  True peak:
    Peak:      -17.9 dBFS
[out#0/null @ 0x13f005320] video:0KiB audio:5628KiB subtitle:0KiB other streams:0KiB global headers:0KiB muxing overhead: unknown
size=N/A time=00:00:30.01 bitrate=N/A speed= 168x elapsed=0:00:00.17
