Input #0, mov,mp4,m4a,3gp,3g2,mj2, from '/Users/fangs/workspace/side/dankoe/videos/promo-2026-10-01/final.mp4':
  Metadata:
    major_brand     : isom
    minor_version   : 512
    compatible_brands: isomiso2avc1mp41
    encoder         : Lavf62.12.101
  Duration: 00:00:30.00, start: 0.000000, bitrate: 588 kb/s
  Stream #0:0[0x1](und): Video: h264 (High) (avc1 / 0x31637661), yuv420p(tv, bt470bg/unknown/unknown, progressive), 1920x1080 [SAR 1:1 DAR 16:9], 389 kb/s, 25 fps, 25 tbr, 12800 tbn (default)
    Metadata:
      handler_name    : VideoHandler
      encoder         : Lavc62.28.101 libx264
  Stream #0:1[0x2](und): Audio: aac (LC) (mp4a / 0x6134706D), 48000 Hz, stereo, fltp, 192 kb/s (default)
    Metadata:
      handler_name    : SoundHandler
Stream mapping:
  Stream #0:0 -> #0:0 (h264 (native) -> wrapped_avframe (native))
Press [q] to stop, [?] for help
Output #0, null, to 'pipe:':
  Metadata:
    major_brand     : isom
    minor_version   : 512
    compatible_brands: isomiso2avc1mp41
    encoder         : Lavf62.12.101
  Stream #0:0(und): Video: wrapped_avframe, yuv420p(tv, bt470bg/unknown/unknown, progressive), 1920x1080 [SAR 1:1 DAR 16:9], q=2-31, 200 kb/s, 25 fps, 25 tbn (default)
    Metadata:
      encoder         : Lavc62.28.101 wrapped_avframe
      handler_name    : VideoHandler
[Parsed_freezedetect_1 @ 0x13100b700] lavfi.freezedetect.freeze_start: 0.04
[Parsed_freezedetect_1 @ 0x13100b700] lavfi.freezedetect.freeze_duration: 3.96
[Parsed_freezedetect_1 @ 0x13100b700] lavfi.freezedetect.freeze_end: 4
[Parsed_freezedetect_1 @ 0x13100b700] lavfi.freezedetect.freeze_start: 4.04
[Parsed_freezedetect_1 @ 0x13100b700] lavfi.freezedetect.freeze_duration: 2.24
[Parsed_freezedetect_1 @ 0x13100b700] lavfi.freezedetect.freeze_end: 6.28
[Parsed_freezedetect_1 @ 0x13100b700] lavfi.freezedetect.freeze_start: 6.28
[Parsed_freezedetect_1 @ 0x13100b700] lavfi.freezedetect.freeze_duration: 1.52
[Parsed_freezedetect_1 @ 0x13100b700] lavfi.freezedetect.freeze_end: 7.8
[Parsed_freezedetect_1 @ 0x13100b700] lavfi.freezedetect.freeze_start: 8.48
[Parsed_freezedetect_1 @ 0x13100b700] lavfi.freezedetect.freeze_duration: 1.52
[Parsed_freezedetect_1 @ 0x13100b700] lavfi.freezedetect.freeze_end: 10
[Parsed_freezedetect_1 @ 0x13100b700] lavfi.freezedetect.freeze_start: 10.04
[Parsed_freezedetect_1 @ 0x13100b700] lavfi.freezedetect.freeze_duration: 2.48
[Parsed_freezedetect_1 @ 0x13100b700] lavfi.freezedetect.freeze_end: 12.52
[Parsed_freezedetect_1 @ 0x13100b700] lavfi.freezedetect.freeze_start: 12.52
[Parsed_freezedetect_1 @ 0x13100b700] lavfi.freezedetect.freeze_duration: 2.12
[Parsed_freezedetect_1 @ 0x13100b700] lavfi.freezedetect.freeze_end: 14.64
[Parsed_freezedetect_1 @ 0x13100b700] lavfi.freezedetect.freeze_start: 15.04
[Parsed_freezedetect_1 @ 0x13100b700] lavfi.freezedetect.freeze_duration: 1.4
[Parsed_freezedetect_1 @ 0x13100b700] lavfi.freezedetect.freeze_end: 16.44
[Parsed_freezedetect_1 @ 0x13100b700] lavfi.freezedetect.freeze_start: 16.44
[Parsed_freezedetect_1 @ 0x13100b700] lavfi.freezedetect.freeze_duration: 1.24
[Parsed_freezedetect_1 @ 0x13100b700] lavfi.freezedetect.freeze_end: 17.68
[Parsed_freezedetect_1 @ 0x13100b700] lavfi.freezedetect.freeze_start: 18.44
[Parsed_freezedetect_1 @ 0x13100b700] lavfi.freezedetect.freeze_duration: 1.96
[Parsed_freezedetect_1 @ 0x13100b700] lavfi.freezedetect.freeze_end: 20.4
[Parsed_freezedetect_1 @ 0x13100b700] lavfi.freezedetect.freeze_start: 20.4
[Parsed_freezedetect_1 @ 0x13100b700] lavfi.freezedetect.freeze_duration: 2.6
[Parsed_freezedetect_1 @ 0x13100b700] lavfi.freezedetect.freeze_end: 23
[Parsed_freezedetect_1 @ 0x13100b700] lavfi.freezedetect.freeze_start: 23.04
[Parsed_freezedetect_1 @ 0x13100b700] lavfi.freezedetect.freeze_duration: 2.76
[Parsed_freezedetect_1 @ 0x13100b700] lavfi.freezedetect.freeze_end: 25.8
[Parsed_freezedetect_1 @ 0x13100b700] lavfi.freezedetect.freeze_start: 25.8
[Parsed_freezedetect_1 @ 0x13100b700] lavfi.freezedetect.freeze_duration: 1.68
[Parsed_freezedetect_1 @ 0x13100b700] lavfi.freezedetect.freeze_end: 27.48
[Parsed_freezedetect_1 @ 0x13100b700] lavfi.freezedetect.freeze_start: 27.52
[Parsed_freezedetect_1 @ 0x13100b700] lavfi.freezedetect.freeze_duration: 1
[Parsed_freezedetect_1 @ 0x13100b700] lavfi.freezedetect.freeze_end: 28.52
[Parsed_freezedetect_1 @ 0x13100b700] lavfi.freezedetect.freeze_start: 28.52
frame=  739 fps=0.0 q=-0.0 size=N/A time=00:00:29.56 bitrate=N/A speed=  58x elapsed=0:00:00.51
[out#0/null @ 0x12ff18e50] video:311KiB audio:0KiB subtitle:0KiB other streams:0KiB global headers:0KiB muxing overhead: unknown
frame=  750 fps=0.0 q=-0.0 Lsize=N/A time=00:00:30.00 bitrate=N/A speed=58.1x elapsed=0:00:00.51
